{
  "version": "1.5.0",
  "plugins_used": [
    {
      "name": "ArtifactoryDetector"
    },
    {
      "name": "AWSKeyDetector"
    },
    {
      "name": "AzureStorageKeyDetector"
    },
    {
      "name": "Base64HighEntropyString",
      "limit": 4.5
    },
    {
      "name": "BasicAuthDetector"
    },
    {
      "name": "CloudantDetector"
    },
    {
      "name": "DiscordBotTokenDetector"
    },
    {
      "name": "GitHubTokenDetector"
    },
    {
      "name": "GitLabTokenDetector"
    },
    {
      "name": "HexHighEntropyString",
      "limit": 3.0
    },
    {
      "name": "IbmCloudIamDetector"
    },
    {
      "name": "IbmCosHmacDetector"
    },
    {
      "name": "IPPublicDetector"
    },
    {
      "name": "JwtTokenDetector"
    },
    {
      "name": "KeywordDetector",
      "keyword_exclude": ""
    },
    {
      "name": "MailchimpDetector"
    },
    {
      "name": "NpmDetector"
    },
    {
      "name": "OpenAIDetector"
    },
    {
      "name": "PrivateKeyDetector"
    },
    {
      "name": "PypiTokenDetector"
    },
    {
      "name": "SendGridDetector"
    },
    {
      "name": "SlackDetector"
    },
    {
      "name": "SoftlayerDetector"
    },
    {
      "name": "SquareOAuthDetector"
    },
    {
      "name": "StripeDetector"
    },
    {
      "name": "TelegramBotTokenDetector"
    },
    {
      "name": "TwilioKeyDetector"
    }
  ],
  "filters_used": [
    {
      "path": "detect_secrets.filters.allowlist.is_line_allowlisted"
    },
    {
      "path": "detect_secrets.filters.common.is_baseline_file",
      "filename": ".secrets.baseline"
    },
    {
      "path": "detect_secrets.filters.common.is_ignored_due_to_verification_policies",
      "min_level": 2
    },
    {
      "path": "detect_secrets.filters.heuristic.is_indirect_reference"
    },
    {
      "path": "detect_secrets.filters.heuristic.is_likely_id_string"
    },
    {
      "path": "detect_secrets.filters.heuristic.is_lock_file"
    },
    {
      "path": "detect_secrets.filters.heuristic.is_not_alphanumeric_string"
    },
    {
      "path": "detect_secrets.filters.heuristic.is_potential_uuid"
    },
    {
      "path": "detect_secrets.filters.heuristic.is_prefixed_with_dollar_sign"
    },
    {
      "path": "detect_secrets.filters.heuristic.is_sequential_string"
    },
    {
      "path": "detect_secrets.filters.heuristic.is_swagger_file"
    },
    {
      "path": "detect_secrets.filters.heuristic.is_templated_secret"
    }
  ],
  "results": {
    ".agent/workflows/setup_all_systems.md": [
      {
        "type": "Secret Keyword",
        "filename": ".agent/workflows/setup_all_systems.md",
        "hashed_secret": "bbeff108b7f391b5e067b7626a955bb91df4dcb1",
        "is_verified": false,
        "line_number": 13
      }
    ],
    ".claude/skills/precommit_hygiene/SKILL.md": [
      {
        "type": "Secret Keyword",
        "filename": ".claude/skills/precommit_hygiene/SKILL.md",
        "hashed_secret": "6a9f6c3fff9581a22ef10cabd544143e37c61b4f",
        "is_verified": false,
        "line_number": 246
      }
    ],
    ".claude/skills/precommit_hygiene/scripts/precommit_hygiene.py": [
      {
        "type": "Secret Keyword",
        "filename": ".claude/skills/precommit_hygiene/scripts/precommit_hygiene.py",
        "hashed_secret": "6a9f6c3fff9581a22ef10cabd544143e37c61b4f",
        "is_verified": false,
        "line_number": 590
      }
    ],
    ".github/workflows/daily-trading.yml": [
      {
        "type": "Secret Keyword",
        "filename": ".github/workflows/daily-trading.yml",
        "hashed_secret": "a5d7160f05c143168de136e41b8fe6458e1ed0c6",
        "is_verified": false,
        "line_number": 81
      },
      {
        "type": "Secret Keyword",
        "filename": ".github/workflows/daily-trading.yml",
        "hashed_secret": "5ffe533b830f08a0326348a9160afafc8ada44db",
        "is_verified": false,
        "line_number": 113
      }
    ],
    ".obsidian/workspace.json": [
      {
        "type": "Hex High Entropy String",
        "filename": ".obsidian/workspace.json",
        "hashed_secret": "5d8d8dc7c154d208df26d4a76d58e5c746351cb7",
        "is_verified": false,
        "line_number": 3
      },
      {
        "type": "Hex High Entropy String",
        "filename": ".obsidian/workspace.json",
        "hashed_secret": "e96715e61996fc2462718230c3d17013612d261f",
        "is_verified": false,
        "line_number": 7
      },
      {
        "type": "Hex High Entropy String",
        "filename": ".obsidian/workspace.json",
        "hashed_secret": "2a40bc3c23bc884812a96ccda59f649f9d394f6a",
        "is_verified": false,
        "line_number": 11
      },
      {
        "type": "Hex High Entropy String",
        "filename": ".obsidian/workspace.json",
        "hashed_secret": "90552bb7b3169383f57ac7bf78b96a5f4d7f88b5",
        "is_verified": false,
        "line_number": 26
      },
      {
        "type": "Hex High Entropy String",
        "filename": ".obsidian/workspace.json",
        "hashed_secret": "d340be97a31de1814815189ff73dcbfb172126f3",
        "is_verified": false,
        "line_number": 30
      },
      {
        "type": "Hex High Entropy String",
        "filename": ".obsidian/workspace.json",
        "hashed_secret": "5e1966817f0cd320a40663530bd8c0486177a27b",
        "is_verified": false,
        "line_number": 34
      },
      {
        "type": "Hex High Entropy String",
        "filename": ".obsidian/workspace.json",
        "hashed_secret": "9979e9dcdb0901e8ec1ddd4cced6200761c971a6",
        "is_verified": false,
        "line_number": 47
      },
      {
        "type": "Hex High Entropy String",
        "filename": ".obsidian/workspace.json",
        "hashed_secret": "f7b12e64828760a73332fc60b86dc2549d65fe96",
        "is_verified": false,
        "line_number": 64
      },
      {
        "type": "Hex High Entropy String",
        "filename": ".obsidian/workspace.json",
        "hashed_secret": "8e612cea57585de7f48e9c0681bffbade1778d86",
        "is_verified": false,
        "line_number": 80
      },
      {
        "type": "Hex High Entropy String",
        "filename": ".obsidian/workspace.json",
        "hashed_secret": "2134538540686fbaa9e70db0fc46357a7c80d81a",
        "is_verified": false,
        "line_number": 88
      },
      {
        "type": "Hex High Entropy String",
        "filename": ".obsidian/workspace.json",
        "hashed_secret": "70f1a3504c410e6921cba7e9ad3815e6681ec81f",
        "is_verified": false,
        "line_number": 106
      },
      {
        "type": "Hex High Entropy String",
        "filename": ".obsidian/workspace.json",
        "hashed_secret": "bdee624f10af91c7abdd5585ee7ad1fc769f79c2",
        "is_verified": false,
        "line_number": 119
      }
    ],
    "data/backtests_verification/cache/backtest_cache.json": [
      {
        "type": "Hex High Entropy String",
        "filename": "data/backtests_verification/cache/backtest_cache.json",
        "hashed_secret": "9dc6fc059b4b969b312c71ce67105ce81935ee3b",
        "is_verified": false,
        "line_number": 2
      }
    ],
    "docs/ADK_TRADING_QUICKSTART.md": [
      {
        "type": "Secret Keyword",
        "filename": "docs/ADK_TRADING_QUICKSTART.md",
        "hashed_secret": "6d9c68c603e465077bdd49c62347fe54717f83a3",
        "is_verified": false,
        "line_number": 15
      }
    ],
    "docs/CI_ARCHITECTURE.md": [
      {
        "type": "Secret Keyword",
        "filename": "docs/CI_ARCHITECTURE.md",
        "hashed_secret": "f4bd37ba60c10958ceda8e9c77b44404035e07a0",
        "is_verified": false,
        "line_number": 498
      },
      {
        "type": "Secret Keyword",
        "filename": "docs/CI_ARCHITECTURE.md",
        "hashed_secret": "e383adc92711d348f6df827db2452eddcbd32384",
        "is_verified": false,
        "line_number": 499
      }
    ],
    "docs/GEMINI3_INTEGRATION.md": [
      {
        "type": "Secret Keyword",
        "filename": "docs/GEMINI3_INTEGRATION.md",
        "hashed_secret": "2619a5397a5d054dab3fe24e6a8da1fbd76ec3a6",
        "is_verified": false,
        "line_number": 187
      }
    ],
    "docs/GEMINI3_PRODUCTION.md": [
      {
        "type": "Secret Keyword",
        "filename": "docs/GEMINI3_PRODUCTION.md",
        "hashed_secret": "2619a5397a5d054dab3fe24e6a8da1fbd76ec3a6",
        "is_verified": false,
        "line_number": 91
      }
    ],
    "docs/GITHUB_SECRETS_REQUIRED.md": [
      {
        "type": "Secret Keyword",
        "filename": "docs/GITHUB_SECRETS_REQUIRED.md",
        "hashed_secret": "c303df00cd0a72b21c62900b758b06fc541664ce",
        "is_verified": false,
        "line_number": 64
      }
    ],
    "docs/NORTH_STAR_IMMEDIATE_ACTIONS.md": [
      {
        "type": "Secret Keyword",
        "filename": "docs/NORTH_STAR_IMMEDIATE_ACTIONS.md",
        "hashed_secret": "e225963620bb65c3ec1cb1a18e1ab9238a10ed82",
        "is_verified": false,
        "line_number": 37
      }
    ],
    "docs/OPTIMIZATION_GUIDE.md": [
      {
        "type": "Secret Keyword",
        "filename": "docs/OPTIMIZATION_GUIDE.md",
        "hashed_secret": "9ad19750930e5cf133e024641c00daf5fc90c700",
        "is_verified": false,
        "line_number": 274
      }
    ],
    "docs/PAID_SERVICES_ANALYSIS.md": [
      {
        "type": "Secret Keyword",
        "filename": "docs/PAID_SERVICES_ANALYSIS.md",
        "hashed_secret": "fbed204a6d9eb70181ccbaba7932dff12e5e4929",
        "is_verified": false,
        "line_number": 524
      }
    ],
    "docs/RL_TRADING_STRATEGY_GUIDE.md": [
      {
        "type": "Secret Keyword",
        "filename": "docs/RL_TRADING_STRATEGY_GUIDE.md",
        "hashed_secret": "f4bd37ba60c10958ceda8e9c77b44404035e07a0",
        "is_verified": false,
        "line_number": 1188
      },
      {
        "type": "Secret Keyword",
        "filename": "docs/RL_TRADING_STRATEGY_GUIDE.md",
        "hashed_secret": "e383adc92711d348f6df827db2452eddcbd32384",
        "is_verified": false,
        "line_number": 1189
      }
    ],
    "docs/_archive/PHASE1_INTEGRATION_UPDATED.md": [
      {
        "type": "Secret Keyword",
        "filename": "docs/_archive/PHASE1_INTEGRATION_UPDATED.md",
        "hashed_secret": "fbed204a6d9eb70181ccbaba7932dff12e5e4929",
        "is_verified": false,
        "line_number": 118
      }
    ],
    "docs/market_data_self_healing.md": [
      {
        "type": "Secret Keyword",
        "filename": "docs/market_data_self_healing.md",
        "hashed_secret": "a3e14ca24483c78554c083bc907c7194c7846ef1",
        "is_verified": false,
        "line_number": 545
      }
    ],
    "pytest.ini": [
      {
        "type": "Secret Keyword",
        "filename": "pytest.ini",
        "hashed_secret": "360e109e831ecc0619f1ac7cecf8a997a775332a",
        "is_verified": false,
        "line_number": 36
      }
    ],
    "scripts/preflight_check.py": [
      {
        "type": "Secret Keyword",
        "filename": "scripts/preflight_check.py",
        "hashed_secret": "596a2e126dd026c5a69966812a84642bab7ee6c0",
        "is_verified": false,
        "line_number": 37
      },
      {
        "type": "Secret Keyword",
        "filename": "scripts/preflight_check.py",
        "hashed_secret": "dfee46a6c0a718714ab10c4739a5d1e48d32f567",
        "is_verified": false,
        "line_number": 38
      },
      {
        "type": "Secret Keyword",
        "filename": "scripts/preflight_check.py",
        "hashed_secret": "7bb629a021dc670e44460d9dd767c46e1bdb9837",
        "is_verified": false,
        "line_number": 42
      },
      {
        "type": "Secret Keyword",
        "filename": "scripts/preflight_check.py",
        "hashed_secret": "f51c021ec8c4ebc800fab888963361e3af6efc12",
        "is_verified": false,
        "line_number": 43
      },
      {
        "type": "Secret Keyword",
        "filename": "scripts/preflight_check.py",
        "hashed_secret": "6de011a4b90a02c081d9b57ba2dd00f2024f6334",
        "is_verified": false,
        "line_number": 48
      }
    ],
    "scripts/run_growth_strategy_dry_run.py": [
      {
        "type": "Secret Keyword",
        "filename": "scripts/run_growth_strategy_dry_run.py",
        "hashed_secret": "573284fda28a2fde7f65c8419e4909286a932f1c",
        "is_verified": false,
        "line_number": 25
      }
    ],
    "scripts/start-trading-system.sh": [
      {
        "type": "Secret Keyword",
        "filename": "scripts/start-trading-system.sh",
        "hashed_secret": "5d2e085c79d6eeff058f15b6edb94ebd3d355c51",
        "is_verified": false,
        "line_number": 62
      },
      {
        "type": "Secret Keyword",
        "filename": "scripts/start-trading-system.sh",
        "hashed_secret": "cde0de0cb0e231af6141d360cc4bc1530855f5d0",
        "is_verified": false,
        "line_number": 67
      }
    ],
    "scripts/test_system.py": [
      {
        "type": "Secret Keyword",
        "filename": "scripts/test_system.py",
        "hashed_secret": "596a2e126dd026c5a69966812a84642bab7ee6c0",
        "is_verified": false,
        "line_number": 121
      },
      {
        "type": "Secret Keyword",
        "filename": "scripts/test_system.py",
        "hashed_secret": "dfee46a6c0a718714ab10c4739a5d1e48d32f567",
        "is_verified": false,
        "line_number": 122
      }
    ],
    "tests/test_nov3_scenario.py": [
      {
        "type": "Secret Keyword",
        "filename": "tests/test_nov3_scenario.py",
        "hashed_secret": "00942f4668670f34c5943cf52c7ef3139fe2b8d6",
        "is_verified": false,
        "line_number": 19
      },
      {
        "type": "Secret Keyword",
        "filename": "tests/test_nov3_scenario.py",
        "hashed_secret": "72cb70dbbafe97e5ea13ad88acd65d08389439b0",
        "is_verified": false,
        "line_number": 20
      }
    ],
    "tests/test_tiktok_collector.py": [
      {
        "type": "Secret Keyword",
        "filename": "tests/test_tiktok_collector.py",
        "hashed_secret": "00942f4668670f34c5943cf52c7ef3139fe2b8d6",
        "is_verified": false,
        "line_number": 153
      },
      {
        "type": "Secret Keyword",
        "filename": "tests/test_tiktok_collector.py",
        "hashed_secret": "72cb70dbbafe97e5ea13ad88acd65d08389439b0",
        "is_verified": false,
        "line_number": 154
      }
    ]
  },
  "generated_at": "2025-12-12T20:12:54Z"
}
